// Jest Snapshot v1, https://goo.gl/fbAQLP

exports[`Loot renders properly 1`] = `
"<div>
  <h3>
    Bitcoin balance: 
  </h3>
</div>"
`;
